\BOOKMARK [1][-]{section.1}{\376\377\000M\036\337\000\040\001\021\036\247\000u}{}% 1
\BOOKMARK [2][-]{subsection.1.1}{\376\377\000L\000\375\000\040\000d\000o\000\040\000c\000h\036\315\000n\000\040\001\021\036\301\000\040\000t\000\340\000i}{section.1}% 2
\BOOKMARK [2][-]{subsection.1.2}{\376\377\000M\036\345\000c\000\040\000t\000i\000\352\000u\000\040\000c\036\347\000a\000\040\001\021\036\301\000\040\000t\000\340\000i}{section.1}% 3
\BOOKMARK [2][-]{subsection.1.3}{\376\377\000P\000h\036\241\000m\000\040\000v\000i\000\040\000n\000g\000h\000i\000\352\000n\000\040\000c\036\351\000u}{section.1}% 4
\BOOKMARK [1][-]{section.2}{\376\377\000C\001\241\000\040\000s\036\337\000\040\000l\000\375\000\040\000t\000h\000u\000y\036\277\000t}{}% 5
\BOOKMARK [2][-]{subsection.2.1}{\376\377\000M\036\331\000t\000\040\000s\036\321\000\040\000k\000h\000\341\000i\000\040\000n\000i\036\307\000m\000\040\000c\000h\000u\036\251\000n\000\040\000b\036\313}{section.2}% 6
\BOOKMARK [2][-]{subsection.2.2}{\376\377\001\020\036\313\000n\000h\000\040\000l\000\375\000\040\000p\000h\000\342\000n\000\040\000t\000\355\000c\000h\000\040\000g\000i\000\341\000\040\000t\000r\036\313\000\040\000k\036\363\000\040\000d\036\313\000\040\000\050\000S\000V\000D\000\051}{section.2}% 7
\BOOKMARK [2][-]{subsection.2.3}{\376\377\000C\000o\000m\000p\000a\000c\000t\000\040\000S\000V\000D\000\040\000\050\000R\000e\000d\000u\000c\000e\000d\000\040\000S\000V\000D\000\051}{section.2}% 8
\BOOKMARK [2][-]{subsection.2.4}{\376\377\001\020\036\313\000n\000h\000\040\000l\000\375\000\040\000E\000c\000k\000a\000r\000t\040\023\000Y\000o\000u\000n\000g\000\040\040\023\000\040\000x\036\245\000p\000\040\000x\036\311\000\040\000h\036\241\000n\000g\000\040\000t\000h\036\245\000p\000\040\000t\036\321\000t\000\040\000n\000h\036\245\000t}{section.2}% 9
\BOOKMARK [2][-]{subsection.2.5}{\376\377\000N\001\003\000n\000g\000\040\000l\001\260\036\343\000n\000g\000\040\000d\036\357\000\040\000l\000i\036\307\000u\000\040\000v\000\340\000\040\000t\000i\000\352\000u\000\040\000c\000h\000u\036\251\000n\000\040\000c\000h\036\315\000n\000\040\000k}{section.2}% 10
\BOOKMARK [1][-]{section.3}{\376\377\000T\000h\000u\036\255\000t\000\040\000t\000o\000\341\000n\000\040\000R\000a\000n\000d\000o\000m\000i\000z\000e\000d\000\040\000S\000V\000D}{}% 11
\BOOKMARK [2][-]{subsection.3.1}{\376\377\000\335\000\040\000t\001\260\036\337\000n\000g\000\040\000v\000\340\000\040\001\021\036\331\000n\000g\000\040\000c\001\241}{section.3}% 12
\BOOKMARK [2][-]{subsection.3.2}{\376\377\000T\000h\000u\036\255\000t\000\040\000t\000o\000\341\000n}{section.3}% 13
\BOOKMARK [2][-]{subsection.3.3}{\376\377\000C\001\241\000\040\000s\036\337\000\040\000t\000o\000\341\000n\000\040\000h\036\315\000c\000\040\000c\036\347\000a\000\040\000c\000\341\000c\000\040\000b\001\260\036\333\000c}{section.3}% 14
\BOOKMARK [2][-]{subsection.3.4}{\376\377\000P\000h\000\342\000n\000\040\000t\000\355\000c\000h\000\040\001\021\036\331\000\040\000p\000h\036\351\000c\000\040\000t\036\241\000p}{section.3}% 15
\BOOKMARK [2][-]{subsection.3.5}{\376\377\000S\000a\000i\000\040\000s\036\321\000\040\000x\036\245\000p\000\040\000x\036\311}{section.3}% 16
\BOOKMARK [2][-]{subsection.3.6}{\376\377\000C\000\340\000i\000\040\001\021\036\267\000t\000\040\000t\036\353\000\040\001\021\036\247\000u\000\040\040\023\000\040\000k\000h\000\364\000n\000g\000\040\000d\000\371\000n\000g\000\040\000S\000V\000D\000\040\001\021\036\247\000y\000\040\001\021\036\347}{section.3}% 17
\BOOKMARK [2][-]{subsection.3.7}{\376\377\000T\000i\000\352\000u\000\040\000c\000h\000u\036\251\000n\000\040\000c\000h\036\315\000n\000\040\000k\000\040\000t\000h\000e\000o\000\040\000t\036\311\000\040\000l\036\307\000\040\000n\001\003\000n\000g\000\040\000l\001\260\036\343\000n\000g}{section.3}% 18
\BOOKMARK [1][-]{section.4}{\376\377\000K\036\277\000t\000\040\000q\000u\036\243\000,\000\040\000s\036\243\000n\000\040\000p\000h\036\251\000m\000\040\000v\000\340\000\040\000t\000h\036\361\000c\000\040\000n\000g\000h\000i\036\307\000m}{}% 19
\BOOKMARK [2][-]{subsection.4.1}{\376\377\000M\000\364\000\040\000t\036\243\000\040\000d\036\357\000\040\000l\000i\036\307\000u}{section.4}% 20
\BOOKMARK [2][-]{subsection.4.2}{\376\377\000N\000g\000\364\000n\000\040\000n\000g\036\357\000\040\000v\000\340\000\040\000t\000h\001\260\000\040\000v\000i\036\307\000n}{section.4}% 21
\BOOKMARK [2][-]{subsection.4.3}{\376\377\000M\000\364\000\040\000t\036\243\000\040\000c\000\341\000c\000\040\001\021\000o\036\241\000n\000\040\000m\000\343\000\040\000t\000r\036\315\000n\000g\000\040\000t\000\342\000m}{section.4}% 22
\BOOKMARK [3][-]{subsubsection.4.3.1}{\376\377\001\020\036\315\000c\000\040\000d\036\357\000\040\000l\000i\036\307\000u\000\040\000v\000\340\000\040\000d\036\361\000n\000g\000\040\000m\000a\000\040\000t\000r\036\255\000n\000\040\000t\000h\001\260\000a}{subsection.4.3}% 23
\BOOKMARK [3][-]{subsubsection.4.3.2}{\376\377\000H\000\340\000m\000\040\000x\000\341\000c\000\040\001\021\036\313\000n\000h\000\040\000k\000\040\000t\000h\000e\000o\000\040\000t\036\311\000\040\000l\036\307\000\040\000n\001\003\000n\000g\000\040\000l\001\260\036\343\000n\000g}{subsection.4.3}% 24
\BOOKMARK [3][-]{subsubsection.4.3.3}{\376\377\000C\000h\036\241\000y\000\040\000R\000a\000n\000d\000o\000m\000i\000z\000e\000d\000\040\000S\000V\000D\000\040\000v\000\340\000\040\000c\000h\036\315\000n\000\040\000k}{subsection.4.3}% 25
\BOOKMARK [3][-]{subsubsection.4.3.4}{\376\377\000S\000a\000i\000\040\000s\036\321\000\040\000F\000r\000o\000b\000e\000n\000i\000u\000s\000\040\040\023\000\040\000t\000\355\000n\000h\000\040\000n\000h\000a\000n\000h\000\040\000t\036\353\000\040\000p\000h\036\325\000\040\000k\036\363\000\040\000d\036\313}{subsection.4.3}% 26
\BOOKMARK [2][-]{subsection.4.4}{\376\377\000K\036\277\000t\000\040\000q\000u\036\243\000\040\000t\000h\036\361\000c\000\040\000n\000g\000h\000i\036\307\000m}{section.4}% 27
\BOOKMARK [3][-]{subsubsection.4.4.1}{\376\377\000P\000h\036\325\000\040\000k\036\363\000\040\000d\036\313\000\040\000v\000\340\000\040\000n\001\003\000n\000g\000\040\000l\001\260\036\343\000n\000g\000\040\000t\000\355\000c\000h\000\040\000l\001\151\000y}{subsection.4.4}% 28
\BOOKMARK [3][-]{subsubsection.4.4.2}{\376\377\000S\000a\000i\000\040\000s\036\321\000\040\000x\036\245\000p\000\040\000x\036\311\000\040\000F\000r\000o\000b\000e\000n\000i\000u\000s}{subsection.4.4}% 29
\BOOKMARK [2][-]{subsection.4.5}{\376\377\000T\000h\000\355\000\040\000n\000g\000h\000i\036\307\000m\000\040\000t\000r\000\352\000n\000\040\000d\036\357\000\040\000l\000i\036\307\000u\000\040\000D\000\300\000Y\000\040\040\023\000\040\000n\000\351\000n\000\040\036\243\000n\000h\000\040\000x\000\341\000m}{section.4}% 30
\BOOKMARK [2][-]{subsection.4.6}{\376\377\000S\000o\000\040\000s\000\341\000n\000h\000\040\000h\000i\036\307\000u\000\040\000n\001\003\000n\000g\000\040\000\050\000B\000e\000n\000c\000h\000m\000a\000r\000k\000i\000n\000g\000\051}{section.4}% 31
\BOOKMARK [2][-]{subsection.4.7}{\376\377\001\020\000\341\000n\000h\000\040\000g\000i\000\341\000\040\000d\000u\000n\000g\000\040\000l\001\260\036\343\000n\000g\000\040\000l\001\260\000u\000\040\000t\000r\036\357}{section.4}% 32
\BOOKMARK [2][-]{subsection.4.8}{\376\377\000P\000h\000\342\000n\000\040\000t\000\355\000c\000h\000\040\000v\000\340\000\040\000t\000h\036\243\000o\000\040\000l\000u\036\255\000n}{section.4}% 33
\BOOKMARK [2][-]{subsection.4.9}{\376\377\000S\036\243\000n\000\040\000p\000h\036\251\000m\000\040\001\021\036\241\000t\000\040\001\021\001\260\036\343\000c}{section.4}% 34
\BOOKMARK [1][-]{section.5}{\376\377\000K\036\277\000t\000\040\000l\000u\036\255\000n\000\040\000v\000\340\000\040\000h\001\260\036\333\000n\000g\000\040\000p\000h\000\341\000t\000\040\000t\000r\000i\036\303\000n}{}% 35
\BOOKMARK [2][-]{subsection.5.1}{\376\377\000T\000\363\000m\000\040\000t\036\257\000t\000\040\000k\036\277\000t\000\040\000q\000u\036\243\000\040\001\021\036\241\000t\000\040\001\021\001\260\036\343\000c}{section.5}% 36
\BOOKMARK [2][-]{subsection.5.2}{\376\377\001\257\000u\000\040\001\021\000i\036\303\000m\000\040\000v\000\340\000\040\000h\036\241\000n\000\040\000c\000h\036\277\000\040\000c\036\347\000a\000\040\000R\000a\000n\000d\000o\000m\000i\000z\000e\000d\000\040\000S\000V\000D}{section.5}% 37
\BOOKMARK [2][-]{subsection.5.3}{\376\377\000S\000o\000\040\000s\000\341\000n\000h\000\040\000n\000g\036\257\000n\000\040\000v\036\333\000i\000\040\000c\000\341\000c\000\040\000p\000h\001\260\001\241\000n\000g\000\040\000p\000h\000\341\000p\000\040\000k\000h\000\341\000c}{section.5}% 38
\BOOKMARK [2][-]{subsection.5.4}{\376\377\000H\001\260\036\333\000n\000g\000\040\000p\000h\000\341\000t\000\040\000t\000r\000i\036\303\000n}{section.5}% 39
\BOOKMARK [1][-]{section.6}{\376\377\000T\000\340\000i\000\040\000l\000i\036\307\000u\000\040\000t\000h\000a\000m\000\040\000k\000h\036\243\000o}{}% 40
